// Jest Snapshot v1, https://goo.gl/fbAQLP

exports[`Counter should match snapshot 1`] = `
<div
  className="counter"
>
  <div
    className="button-row"
  >
    <button
      className="dec-btn"
      onClick={[Function]}
    >
      -
    </button>
    0
    <button
      className="inc-btn"
      onClick={[Function]}
    >
      +
    </button>
  </div>
  <div
    className="delta"
  >
    <label>
      Delta
    </label>
    <input
      onChange={[Function]}
      type="number"
      value={1}
    />
  </div>
</div>
`;
